// Jest Snapshot v1, https://goo.gl/fbAQLP

exports[`App renders correctly 1`] = `
<div
  className="container"
>
  <div
    className="row"
  >
    <Header />
  </div>
  <div
    className="row"
  >
    <Search
      onShowPhoto={[Function]}
    />
  </div>
  <PhotoModal
    onHide={[Function]}
    photo={null}
    show={false}
  />
</div>
`;
