// Jest Snapshot v1, https://goo.gl/fbAQLP

exports[`Header renders correctly 1`] = `
<nav
  className="navbar navbar-default"
>
  <div
    className="navbar-header"
  >
    <a
      className="navbar-brand"
      href="#"
    >
      500px Searcher
    </a>
    <ul
      className="nav navbar-nav"
    >
      <li
        className="active"
      >
        <a
          href="#"
        >
          Search
        </a>
      </li>
    </ul>
  </div>
</nav>
`;
