// Jest Snapshot v1, https://goo.gl/fbAQLP

exports[`Thumbnail renders correctly 1`] = `
<div>
  <img
    src="http://test.com/test.jpg"
  />
</div>
`;
